
> Configure project :androidApp
Signing configuration 'release' is incomplete; provide keystore credentials via keystore.properties, environment variables, or -P android.injected.signing.*

> Configure project :shared
w: Kotlin CocoaPods Plugin is fully supported on MacOS machines only. Gradle tasks that can not run on non-mac hosts will be skipped.


> Task :androidApp:checkKotlinGradlePluginConfigurationErrors SKIPPED
> Task :androidApp:preBuild UP-TO-DATE
> Task :androidApp:preSotextDebugBuild UP-TO-DATE
> Task :androidApp:dataBindingMergeDependencyArtifactsSotextDebug UP-TO-DATE
> Task :androidApp:generateSotextDebugResValues UP-TO-DATE
> Task :androidApp:generateSotextDebugResources UP-TO-DATE
> Task :androidApp:injectCrashlyticsMappingFileIdSotextDebug UP-TO-DATE
> Task :androidApp:processSotextDebugGoogleServices UP-TO-DATE
> Task :shared:preBuild UP-TO-DATE
> Task :shared:preDebugBuild UP-TO-DATE
> Task :shared:generateDebugResValues UP-TO-DATE
> Task :shared:generateDebugResources UP-TO-DATE
> Task :shared:packageDebugResources UP-TO-DATE
> Task :androidApp:mergeSotextDebugResources UP-TO-DATE
> Task :androidApp:packageSotextDebugResources UP-TO-DATE
> Task :androidApp:parseSotextDebugLocalResources UP-TO-DATE
> Task :shared:parseDebugLocalResources UP-TO-DATE
> Task :shared:generateDebugRFile UP-TO-DATE
> Task :androidApp:dataBindingGenBaseClassesSotextDebug UP-TO-DATE
> Task :androidApp:generateSotextDebugBuildConfig UP-TO-DATE
> Task :shared:writeDebugAarMetadata UP-TO-DATE
> Task :androidApp:checkSotextDebugAarMetadata UP-TO-DATE
> Task :androidApp:mapSotextDebugSourceSetPaths UP-TO-DATE
> Task :androidApp:createSotextDebugCompatibleScreenManifests UP-TO-DATE
> Task :androidApp:extractDeepLinksSotextDebug UP-TO-DATE
> Task :shared:extractDeepLinksDebug UP-TO-DATE
> Task :shared:processDebugManifest UP-TO-DATE
> Task :androidApp:processSotextDebugMainManifest UP-TO-DATE
> Task :androidApp:processSotextDebugManifest UP-TO-DATE
> Task :androidApp:processSotextDebugManifestForPackage UP-TO-DATE
> Task :shared:compileDebugLibraryResources UP-TO-DATE
> Task :androidApp:processSotextDebugResources UP-TO-DATE
> Task :shared:checkKotlinGradlePluginConfigurationErrors SKIPPED
> Task :shared:generateComposeResClass UP-TO-DATE
> Task :shared:convertXmlValueResourcesForAndroidDebug NO-SOURCE
> Task :shared:copyNonXmlValueResourcesForAndroidDebug NO-SOURCE
> Task :shared:prepareComposeResourcesTaskForAndroidDebug NO-SOURCE
> Task :shared:generateResourceAccessorsForAndroidDebug NO-SOURCE
> Task :shared:convertXmlValueResourcesForAndroidMain NO-SOURCE
> Task :shared:copyNonXmlValueResourcesForAndroidMain NO-SOURCE
> Task :shared:prepareComposeResourcesTaskForAndroidMain NO-SOURCE
> Task :shared:generateResourceAccessorsForAndroidMain NO-SOURCE
> Task :shared:convertXmlValueResourcesForCommonMain NO-SOURCE
> Task :shared:copyNonXmlValueResourcesForCommonMain NO-SOURCE
> Task :shared:prepareComposeResourcesTaskForCommonMain NO-SOURCE
> Task :shared:generateResourceAccessorsForCommonMain NO-SOURCE
> Task :shared:compileDebugKotlinAndroid UP-TO-DATE
> Task :shared:javaPreCompileDebug UP-TO-DATE
> Task :shared:compileDebugJavaWithJavac NO-SOURCE
> Task :shared:bundleLibCompileToJarDebug UP-TO-DATE

> Task :androidApp:kaptGenerateStubsSotextDebugKotlin
w: Kapt currently doesn't support language version 2.0+. Falling back to 1.9.

> Task :androidApp:kaptSotextDebugKotlin
warning: The following options were not recognized by any processor: '[room.schemaLocation, kapt.kotlin.generated, room.incremental, room.expandProjection]'

> Task :androidApp:compileSotextDebugKotlin
e: file:///G:/My%20Drive/projects/sotext/androidApp/src/main/java/com/pulselink/data/settings/SettingsRepositoryImpl.kt:792:13 No parameter with name 'blockRcsReadReceipts' found.
e: file:///G:/My%20Drive/projects/sotext/androidApp/src/main/java/com/pulselink/data/settings/SettingsRepositoryImpl.kt:792:36 Cannot infer type for this parameter. Please specify it explicitly.
e: file:///G:/My%20Drive/projects/sotext/androidApp/src/main/java/com/pulselink/data/settings/SettingsRepositoryImpl.kt:792:42 Unresolved reference 'BLOCK_RCS_READ_RECEIPTS'.
e: file:///G:/My%20Drive/projects/sotext/androidApp/src/main/java/com/pulselink/data/settings/SettingsRepositoryImpl.kt:792:90 Unresolved reference 'blockRcsReadReceipts'.
e: file:///G:/My%20Drive/projects/sotext/androidApp/src/main/java/com/pulselink/ui/BeaconInboxActivity.kt:1016:79 Unresolved reference 'blockRcsReadReceipts'.
e: file:///G:/My%20Drive/projects/sotext/androidApp/src/main/java/com/pulselink/ui/MainActivity.kt:1150:62 Unresolved reference 'BETA_AGREEMENT_VERSION'.
e: file:///G:/My%20Drive/projects/sotext/androidApp/src/main/java/com/pulselink/ui/screens/HomeScreen.kt:702:13 The API of this layout is experimental and is likely to change in the future.
e: file:///G:/My%20Drive/projects/sotext/androidApp/src/main/java/com/pulselink/ui/state/MainViewModel.kt:1657:32 Unresolved reference 'setBlockRcsReadReceipts'.
e: file:///G:/My%20Drive/projects/sotext/androidApp/src/main/java/com/pulselink/ui/state/SmsInboxViewModel.kt:194:77 Unresolved reference 'blockRcsReadReceipts'.
e: file:///G:/My%20Drive/projects/sotext/androidApp/src/main/java/com/pulselink/ui/state/SmsInboxViewModel.kt:403:69 Unresolved reference 'blockRcsReadReceipts'.

> Task :androidApp:compileSotextDebugKotlin FAILED

FAILURE: Build failed with an exception.

* What went wrong:
Execution failed for task ':androidApp:compileSotextDebugKotlin'.
> A failure occurred while executing org.jetbrains.kotlin.compilerRunner.GradleCompilerRunnerWithWorkers$GradleKotlinCompilerWorkAction
   > Compilation error. See log for more details

* Try:
> Run with --stacktrace option to get the stack trace.
> Run with --info or --debug option to get more log output.
> Run with --scan to get full insights.
> Get more help at https://help.gradle.org.

Deprecated Gradle features were used in this build, making it incompatible with Gradle 9.0.

You can use '--warning-mode all' to show the individual deprecation warnings and determine if they come from your own scripts or plugins.

For more on this, please refer to https://docs.gradle.org/8.7/userguide/command_line_interface.html#sec:command_line_warnings in the Gradle documentation.

BUILD FAILED in 1m 13s
34 actionable tasks: 3 executed, 31 up-to-date
