[debug] [2025-12-19T18:58:15.327Z] > command requires scopes: ["email","openid","https://www.googleapis.com/auth/cloudplatformprojects.readonly","https://www.googleapis.com/auth/firebase","https://www.googleapis.com/auth/cloud-platform"]
[debug] [2025-12-19T18:58:15.329Z] > authorizing via signed-in user (damien@dmnlat.com)
[debug] [2025-12-19T18:58:15.329Z] Checked if tokens are valid: false, expires at: 1765931437980
[debug] [2025-12-19T18:58:15.330Z] Checked if tokens are valid: false, expires at: 1765931437980
[debug] [2025-12-19T18:58:15.330Z] > refreshing access token with scopes: []
[debug] [2025-12-19T18:58:15.331Z] >>> [apiv2][query] POST https://www.googleapis.com/oauth2/v3/token [none]
[debug] [2025-12-19T18:58:15.331Z] >>> [apiv2][body] POST https://www.googleapis.com/oauth2/v3/token [omitted]
[debug] [2025-12-19T18:58:15.333Z] > command requires scopes: ["email","openid","https://www.googleapis.com/auth/cloudplatformprojects.readonly","https://www.googleapis.com/auth/firebase","https://www.googleapis.com/auth/cloud-platform"]
[debug] [2025-12-19T18:58:15.333Z] > authorizing via signed-in user (damien@dmnlat.com)
[debug] [2025-12-19T18:58:15.333Z] Checked if tokens are valid: false, expires at: 1765931437980
[debug] [2025-12-19T18:58:15.333Z] Checked if tokens are valid: false, expires at: 1765931437980
[debug] [2025-12-19T18:58:15.333Z] > refreshing access token with scopes: []
[debug] [2025-12-19T18:58:15.333Z] >>> [apiv2][query] POST https://www.googleapis.com/oauth2/v3/token [none]
[debug] [2025-12-19T18:58:15.334Z] >>> [apiv2][body] POST https://www.googleapis.com/oauth2/v3/token [omitted]
[debug] [2025-12-19T18:58:15.470Z] <<< [apiv2][status] POST https://www.googleapis.com/oauth2/v3/token 400
[debug] [2025-12-22T08:19:54.845Z] > command requires scopes: ["email","openid","https://www.googleapis.com/auth/cloudplatformprojects.readonly","https://www.googleapis.com/auth/firebase","https://www.googleapis.com/auth/cloud-platform"]
[debug] [2025-12-22T08:19:54.847Z] > authorizing via signed-in user (damien@dmnlat.com)
[debug] [2025-12-22T08:19:54.848Z] Checked if tokens are valid: false, expires at: 1765931437980
[debug] [2025-12-22T08:19:54.848Z] Checked if tokens are valid: false, expires at: 1765931437980
[debug] [2025-12-22T08:19:54.848Z] > refreshing access token with scopes: []
[debug] [2025-12-22T08:19:54.850Z] >>> [apiv2][query] POST https://www.googleapis.com/oauth2/v3/token [none]
[debug] [2025-12-22T08:19:54.850Z] >>> [apiv2][body] POST https://www.googleapis.com/oauth2/v3/token [omitted]
[debug] [2025-12-22T08:19:54.852Z] > command requires scopes: ["email","openid","https://www.googleapis.com/auth/cloudplatformprojects.readonly","https://www.googleapis.com/auth/firebase","https://www.googleapis.com/auth/cloud-platform"]
[debug] [2025-12-22T08:19:54.852Z] > authorizing via signed-in user (damien@dmnlat.com)
[debug] [2025-12-22T08:19:54.852Z] Checked if tokens are valid: false, expires at: 1765931437980
[debug] [2025-12-22T08:19:54.852Z] Checked if tokens are valid: false, expires at: 1765931437980
[debug] [2025-12-22T08:19:54.852Z] > refreshing access token with scopes: []
[debug] [2025-12-22T08:19:54.852Z] >>> [apiv2][query] POST https://www.googleapis.com/oauth2/v3/token [none]
[debug] [2025-12-22T08:19:54.852Z] >>> [apiv2][body] POST https://www.googleapis.com/oauth2/v3/token [omitted]
[debug] [2025-12-22T08:19:54.991Z] <<< [apiv2][status] POST https://www.googleapis.com/oauth2/v3/token 400
[debug] [2025-12-22T08:19:54.991Z] <<< [apiv2][body] POST https://www.googleapis.com/oauth2/v3/token [omitted]
[error] Authentication Error: Your credentials are no longer valid. Please run firebase login --reauth

For CI servers and headless environments, generate a new token with firebase login:ci
[error] Authentication Error: Your credentials are no longer valid. Please run firebase login --reauth

For CI servers and headless environments, generate a new token with firebase login:ci
[debug] [2025-12-22T08:21:00.951Z] > command requires scopes: ["email","openid","https://www.googleapis.com/auth/cloudplatformprojects.readonly","https://www.googleapis.com/auth/firebase","https://www.googleapis.com/auth/cloud-platform"]
[debug] [2025-12-22T08:21:00.953Z] > authorizing via signed-in user (damien@dmnlat.com)
[debug] [2025-12-22T08:21:00.954Z] Checked if tokens are valid: false, expires at: 1765931437980
[debug] [2025-12-22T08:21:00.954Z] Checked if tokens are valid: false, expires at: 1765931437980
[debug] [2025-12-22T08:21:00.954Z] > refreshing access token with scopes: []
[debug] [2025-12-22T08:21:00.956Z] >>> [apiv2][query] POST https://www.googleapis.com/oauth2/v3/token [none]
[debug] [2025-12-22T08:21:00.956Z] >>> [apiv2][body] POST https://www.googleapis.com/oauth2/v3/token [omitted]
[debug] [2025-12-22T08:21:00.958Z] > command requires scopes: ["email","openid","https://www.googleapis.com/auth/cloudplatformprojects.readonly","https://www.googleapis.com/auth/firebase","https://www.googleapis.com/auth/cloud-platform"]
[debug] [2025-12-22T08:21:00.958Z] > authorizing via signed-in user (damien@dmnlat.com)
[debug] [2025-12-22T08:21:00.958Z] Checked if tokens are valid: false, expires at: 1765931437980
[debug] [2025-12-22T08:21:00.958Z] Checked if tokens are valid: false, expires at: 1765931437980
[debug] [2025-12-22T08:21:00.958Z] > refreshing access token with scopes: []
[debug] [2025-12-22T08:21:00.958Z] >>> [apiv2][query] POST https://www.googleapis.com/oauth2/v3/token [none]
[debug] [2025-12-22T08:21:00.958Z] >>> [apiv2][body] POST https://www.googleapis.com/oauth2/v3/token [omitted]
[debug] [2025-12-22T08:21:01.133Z] <<< [apiv2][status] POST https://www.googleapis.com/oauth2/v3/token 400
[debug] [2025-12-22T08:21:21.276Z] > command requires scopes: ["email","openid","https://www.googleapis.com/auth/cloudplatformprojects.readonly","https://www.googleapis.com/auth/firebase","https://www.googleapis.com/auth/cloud-platform"]
[debug] [2025-12-22T08:21:21.277Z] > authorizing via signed-in user (damien@dmnlat.com)
[debug] [2025-12-22T08:21:21.278Z] Checked if tokens are valid: false, expires at: 1765931437980
[debug] [2025-12-22T08:21:21.278Z] Checked if tokens are valid: false, expires at: 1765931437980
[debug] [2025-12-22T08:21:21.278Z] > refreshing access token with scopes: []
[debug] [2025-12-22T08:21:21.280Z] >>> [apiv2][query] POST https://www.googleapis.com/oauth2/v3/token [none]
[debug] [2025-12-22T08:21:21.280Z] >>> [apiv2][body] POST https://www.googleapis.com/oauth2/v3/token [omitted]
[debug] [2025-12-22T08:21:21.281Z] > command requires scopes: ["email","openid","https://www.googleapis.com/auth/cloudplatformprojects.readonly","https://www.googleapis.com/auth/firebase","https://www.googleapis.com/auth/cloud-platform"]
[debug] [2025-12-22T08:21:21.281Z] > authorizing via signed-in user (damien@dmnlat.com)
[debug] [2025-12-22T08:21:21.281Z] Checked if tokens are valid: false, expires at: 1765931437980
[debug] [2025-12-22T08:21:21.281Z] Checked if tokens are valid: false, expires at: 1765931437980
[debug] [2025-12-22T08:21:21.281Z] > refreshing access token with scopes: []
[debug] [2025-12-22T08:21:21.282Z] >>> [apiv2][query] POST https://www.googleapis.com/oauth2/v3/token [none]
[debug] [2025-12-22T08:21:21.282Z] >>> [apiv2][body] POST https://www.googleapis.com/oauth2/v3/token [omitted]
[debug] [2025-12-22T08:21:21.412Z] <<< [apiv2][status] POST https://www.googleapis.com/oauth2/v3/token 400
