[debug] [2026-02-06T05:14:00.740Z] ----------------------------------------------------------------------
[debug] [2026-02-06T05:14:00.742Z] Command:       C:\Program Files\nodejs\node.exe C:\Users\me\AppData\Roaming\npm\node_modules\firebase-tools\lib\bin\firebase.js deploy --only hosting
[debug] [2026-02-06T05:14:00.742Z] CLI Version:   15.3.1
[debug] [2026-02-06T05:14:00.743Z] Platform:      win32
[debug] [2026-02-06T05:14:00.743Z] Node Version:  v25.0.0
[debug] [2026-02-06T05:14:00.743Z] Time:          Thu Feb 05 2026 22:14:00 GMT-0700 (Mountain Standard Time)
[debug] [2026-02-06T05:14:00.743Z] ----------------------------------------------------------------------
[debug] 
[debug] [2026-02-06T05:14:00.744Z] >>> [apiv2][query] GET https://firebase-public.firebaseio.com/cli.json [none]
[debug] [2026-02-06T05:14:03.657Z] > command requires scopes: ["email","openid","https://www.googleapis.com/auth/cloudplatformprojects.readonly","https://www.googleapis.com/auth/firebase","https://www.googleapis.com/auth/cloud-platform"]
[debug] [2026-02-06T05:14:03.657Z] > authorizing via signed-in user (damien@dmnlat.com)
[debug] [2026-02-06T05:14:03.657Z] [iam] checking project pulselink-24899 for permissions ["firebase.projects.get","firebasehosting.sites.update"]
[debug] [2026-02-06T05:14:03.658Z] Checked if tokens are valid: false, expires at: 1770283818912
[debug] [2026-02-06T05:14:03.658Z] Checked if tokens are valid: false, expires at: 1770283818912
[debug] [2026-02-06T05:14:03.659Z] > refreshing access token with scopes: []
[debug] [2026-02-06T05:14:03.660Z] >>> [apiv2][query] POST https://www.googleapis.com/oauth2/v3/token [none]
[debug] [2026-02-06T05:14:03.660Z] >>> [apiv2][body] POST https://www.googleapis.com/oauth2/v3/token [omitted]
[debug] [2026-02-06T05:14:03.816Z] <<< [apiv2][status] GET https://firebase-public.firebaseio.com/cli.json 200
[debug] [2026-02-06T05:14:03.816Z] <<< [apiv2][body] GET https://firebase-public.firebaseio.com/cli.json {"cloudBuildErrorAfter":1594252800000,"cloudBuildWarnAfter":1590019200000,"defaultNode10After":1594252800000,"minVersion":"3.0.5","node8DeploysDisabledAfter":1613390400000,"node8RuntimeDisabledAfter":1615809600000,"node8WarnAfter":1600128000000}
[debug] [2026-02-06T05:14:03.862Z] <<< [apiv2][status] POST https://www.googleapis.com/oauth2/v3/token 400
[debug] [2026-02-06T05:14:03.862Z] <<< [apiv2][body] POST https://www.googleapis.com/oauth2/v3/token [omitted]
[error] Authentication Error: Your credentials are no longer valid. Please run firebase login --reauth

For CI servers and headless environments, generate a new token with firebase login:ci
[error] Authentication Error: Your credentials are no longer valid. Please run firebase login --reauth

For CI servers and headless environments, generate a new token with firebase login:ci
[debug] [2026-02-06T05:14:03.863Z] [iam] error while checking permissions, command may fail: Authentication Error: Your credentials are no longer valid. Please run firebase login --reauth

For CI servers and headless environments, generate a new token with firebase login:ci
[debug] [2026-02-06T05:14:03.863Z] Checked if tokens are valid: false, expires at: 1770283818912
[debug] [2026-02-06T05:14:03.863Z] Checked if tokens are valid: false, expires at: 1770283818912
[debug] [2026-02-06T05:14:03.863Z] > refreshing access token with scopes: []
[debug] [2026-02-06T05:14:03.864Z] >>> [apiv2][query] POST https://www.googleapis.com/oauth2/v3/token [none]
[debug] [2026-02-06T05:14:03.864Z] >>> [apiv2][body] POST https://www.googleapis.com/oauth2/v3/token [omitted]
[debug] [2026-02-06T05:14:03.923Z] <<< [apiv2][status] POST https://www.googleapis.com/oauth2/v3/token 400
[debug] [2026-02-06T05:14:03.923Z] <<< [apiv2][body] POST https://www.googleapis.com/oauth2/v3/token [omitted]
[error] Authentication Error: Your credentials are no longer valid. Please run firebase login --reauth

For CI servers and headless environments, generate a new token with firebase login:ci
[error] Authentication Error: Your credentials are no longer valid. Please run firebase login --reauth

For CI servers and headless environments, generate a new token with firebase login:ci
[debug] [2026-02-06T05:14:03.924Z] Authentication Error: Your credentials are no longer valid. Please run firebase login --reauth

For CI servers and headless environments, generate a new token with firebase login:ci
[error] 
[error] Error: Assertion failed: resolving hosting target of a site with no site name or target name. This should have caused an error earlier
